#
# There is insufficient memory for the Java Runtime Environment to continue.
# Native memory allocation (mmap) failed to map 264241152 bytes for G1 virtual space
# Possible reasons:
#   The system is out of physical RAM or swap space
#   The process is running with CompressedOops enabled, and the Java Heap may be blocking the growth of the native heap
# Possible solutions:
#   Reduce memory load on the system
#   Increase physical memory or swap space
#   Check if swap backing store is full
#   Decrease Java heap size (-Xmx/-Xms)
#   Decrease number of Java threads
#   Decrease Java thread stack sizes (-Xss)
#   Set larger code cache with -XX:ReservedCodeCacheSize=
#   JVM is running with Zero Based Compressed Oops mode in which the Java heap is
#     placed in the first 32GB address space. The Java Heap base address is the
#     maximum limit for the native heap growth. Please use -XX:HeapBaseMinAddress
#     to set the Java Heap base and to place the Java Heap above 32GB virtual address.
# This output file may be truncated or incomplete.
#
#  Out of Memory Error (os_windows.cpp:3600), pid=17896, tid=16756
#
# JRE version:  (21.0.2+13) (build )
# Java VM: Java HotSpot(TM) 64-Bit Server VM (21.0.2+13-LTS-58, mixed mode, sharing, tiered, compressed oops, compressed class ptrs, g1 gc, windows-amd64)
# No core dump will be written. Minidumps are not enabled by default on client versions of Windows
#

---------------  S U M M A R Y ------------

Command Line: -javaagent:C:\Program Files\JetBrains\IntelliJ IDEA Community Edition 2024.1.2\lib\idea_rt.jar=55953:C:\Program Files\JetBrains\IntelliJ IDEA Community Edition 2024.1.2\bin -Dfile.encoding=UTF-8 -Dsun.stdout.encoding=UTF-8 -Dsun.stderr.encoding=UTF-8 Strings.manipulation.A2B3C4

Host: 12th Gen Intel(R) Core(TM) i5-12500H, 16 cores, 15G,  Windows 11 , 64 bit Build 22621 (10.0.22621.5415)
Time: Fri Oct 24 11:30:34 2025 India Standard Time elapsed time: 0.007432 seconds (0d 0h 0m 0s)

---------------  T H R E A D  ---------------

Current thread (0x00000279d368e470):  JavaThread "Unknown thread" [_thread_in_vm, id=16756, stack(0x00000082d2b00000,0x00000082d2c00000) (1024K)]

Stack: [0x00000082d2b00000,0x00000082d2c00000]
Native frames: (J=compiled Java code, j=interpreted, Vv=VM code, C=native code)
V  [jvm.dll+0x6cade9]
V  [jvm.dll+0x8569c1]
V  [jvm.dll+0x858d2e]
V  [jvm.dll+0x859413]
V  [jvm.dll+0x280e56]
V  [jvm.dll+0x6c74d5]
V  [jvm.dll+0x6bbeca]
V  [jvm.dll+0x355bca]
V  [jvm.dll+0x35d816]
V  [jvm.dll+0x3ae67e]
V  [jvm.dll+0x3ae928]
V  [jvm.dll+0x3295dc]
V  [jvm.dll+0x32a16b]
V  [jvm.dll+0x81efa9]
V  [jvm.dll+0x3bba01]
V  [jvm.dll+0x807928]
V  [jvm.dll+0x44f50e]
V  [jvm.dll+0x450e11]
C  [jli.dll+0x52a3]
C  [ucrtbase.dll+0x29333]
C  [KERNEL32.DLL+0x1259d]
C  [ntdll.dll+0x5af78]


---------------  P R O C E S S  ---------------

Threads class SMR info:
_java_thread_list=0x00007ffff0f6bb88, length=0, elements={
}

Java Threads: ( => current thread )
Total: 0

Other Threads:
  0x00000279d36f71c0 WorkerThread "GC Thread#0"                     [id=2852, stack(0x00000082d2c00000,0x00000082d2d00000) (1024K)]
  0x00000279d3708d70 ConcurrentGCThread "G1 Main Marker"            [id=13288, stack(0x00000082d2d00000,0x00000082d2e00000) (1024K)]
  0x00000279d3709870 WorkerThread "G1 Conc#0"                       [id=8184, stack(0x00000082d2e00000,0x00000082d2f00000) (1024K)]

[error occurred during error reporting (printing all threads), id 0xc0000005, EXCEPTION_ACCESS_VIOLATION (0xc0000005) at pc=0x00007ffff06dc6a7]
VM state: not at safepoint (not fully initialized)

VM Mutex/Monitor currently owned by a thread:  ([mutex/lock_event])
[0x00007ffff0fdce68] Heap_lock - owner thread: 0x00000279d368e470

Heap address: 0x0000000705e00000, size: 4002 MB, Compressed Oops mode: Zero based, Oop shift amount: 3

CDS archive(s) mapped at: [0x0000000000000000-0x0000000000000000-0x0000000000000000), size 0, SharedBaseAddress: 0x0000000800000000, ArchiveRelocationMode: 1.
Narrow klass base: 0x0000000000000000, Narrow klass shift: 0, Narrow klass range: 0x0

GC Precious Log:
 CardTable entry size: 512
 Card Set container configuration: InlinePtr #cards 4 size 8 Array Of Cards #cards 16 size 48 Howl #buckets 8 coarsen threshold 3686 Howl Bitmap #cards 512 size 80 coarsen threshold 460 Card regions per heap region 1 cards per card region 4096

Heap:
 garbage-first heap   total 0K, used 0K [0x0000000705e00000, 0x0000000800000000)
  region size 2048K, 0 young (0K), 0 survivors (0K)

[error occurred during error reporting (printing heap information), id 0xc0000005, EXCEPTION_ACCESS_VIOLATION (0xc0000005) at pc=0x00007ffff0ac39f9]
GC Heap History (0 events):
No events

Dll operation events (1 events):
Event: 0.005 Loaded shared library C:\Program Files\Java\jdk-21\bin\java.dll

Deoptimization events (0 events):
No events

Classes loaded (0 events):
No events

Classes unloaded (0 events):
No events

Classes redefined (0 events):
No events

Internal exceptions (0 events):
No events

ZGC Phase Switch (0 events):
No events

VM Operations (0 events):
No events

Events (0 events):
No events


Dynamic libraries:
0x00007ff69c880000 - 0x00007ff69c890000 	C:\Program Files\Java\jdk-21\bin\java.exe
0x00007ff856810000 - 0x00007ff856a27000 	C:\Windows\SYSTEM32\ntdll.dll
0x00007ff82fb30000 - 0x00007ff82fb50000 	C:\Program Files\Avast Software\Avast\aswhook.dll
0x00007ff854fa0000 - 0x00007ff855064000 	C:\Windows\System32\KERNEL32.DLL
0x00007ff853b40000 - 0x00007ff853f12000 	C:\Windows\System32\KERNELBASE.dll
0x00007ff853930000 - 0x00007ff853a41000 	C:\Windows\System32\ucrtbase.dll
0x00007ff84c1c0000 - 0x00007ff84c1d9000 	C:\Program Files\Java\jdk-21\bin\jli.dll
0x00007ff8557c0000 - 0x00007ff855871000 	C:\Windows\System32\ADVAPI32.dll
0x00007ff856680000 - 0x00007ff856727000 	C:\Windows\System32\msvcrt.dll
0x00007ff8560a0000 - 0x00007ff856148000 	C:\Windows\System32\sechost.dll
0x00007ff853a50000 - 0x00007ff853a78000 	C:\Windows\System32\bcrypt.dll
0x00007ff856560000 - 0x00007ff856674000 	C:\Windows\System32\RPCRT4.dll
0x00007ff84c1a0000 - 0x00007ff84c1bb000 	C:\Program Files\Java\jdk-21\bin\VCRUNTIME140.dll
0x00007ff8563a0000 - 0x00007ff856551000 	C:\Windows\System32\USER32.dll
0x00007ff853900000 - 0x00007ff853926000 	C:\Windows\System32\win32u.dll
0x00007ff855410000 - 0x00007ff855439000 	C:\Windows\System32\GDI32.dll
0x00007ff853f20000 - 0x00007ff854043000 	C:\Windows\System32\gdi32full.dll
0x00007ff854380000 - 0x00007ff85441a000 	C:\Windows\System32\msvcp_win.dll
0x00007ff82d9c0000 - 0x00007ff82dc5b000 	C:\Windows\WinSxS\amd64_microsoft.windows.common-controls_6595b64144ccf1df_6.0.22621.5547_none_27104afb73855772\COMCTL32.dll
0x00007ff849b80000 - 0x00007ff849b8a000 	C:\Windows\SYSTEM32\VERSION.dll
0x00007ff8544a0000 - 0x00007ff8544d1000 	C:\Windows\System32\IMM32.DLL
0x00007ff84c190000 - 0x00007ff84c19c000 	C:\Program Files\Java\jdk-21\bin\vcruntime140_1.dll
0x00007ff848fb0000 - 0x00007ff84903e000 	C:\Program Files\Java\jdk-21\bin\msvcp140.dll
0x00007ffff03a0000 - 0x00007ffff10b7000 	C:\Program Files\Java\jdk-21\bin\server\jvm.dll
0x00007ff855150000 - 0x00007ff8551c1000 	C:\Windows\System32\WS2_32.dll
0x00007ff8537d0000 - 0x00007ff85381d000 	C:\Windows\SYSTEM32\POWRPROF.dll
0x00007ff849bf0000 - 0x00007ff849c24000 	C:\Windows\SYSTEM32\WINMM.dll
0x00007ff853700000 - 0x00007ff853713000 	C:\Windows\SYSTEM32\UMPDC.dll
0x00007ff852930000 - 0x00007ff852948000 	C:\Windows\SYSTEM32\kernel.appcore.dll
0x00007ff84c140000 - 0x00007ff84c14a000 	C:\Program Files\Java\jdk-21\bin\jimage.dll
0x00007ff851380000 - 0x00007ff8515b3000 	C:\Windows\SYSTEM32\DBGHELP.DLL
0x00007ff855880000 - 0x00007ff855c13000 	C:\Windows\System32\combase.dll
0x00007ff855070000 - 0x00007ff855147000 	C:\Windows\System32\OLEAUT32.dll
0x00007ff848440000 - 0x00007ff848472000 	C:\Windows\SYSTEM32\dbgcore.DLL
0x00007ff854420000 - 0x00007ff85449b000 	C:\Windows\System32\bcryptPrimitives.dll
0x00007ff84c110000 - 0x00007ff84c11f000 	C:\Program Files\Java\jdk-21\bin\instrument.dll
0x00007ff84c120000 - 0x00007ff84c13f000 	C:\Program Files\Java\jdk-21\bin\java.dll

dbghelp: loaded successfully - version: 4.0.5 - missing functions: none
symbol engine: initialized successfully - sym options: 0x614 - pdb path: .;C:\Program Files\Java\jdk-21\bin;C:\Windows\SYSTEM32;C:\Program Files\Avast Software\Avast;C:\Windows\WinSxS\amd64_microsoft.windows.common-controls_6595b64144ccf1df_6.0.22621.5547_none_27104afb73855772;C:\Program Files\Java\jdk-21\bin\server

VM Arguments:
jvm_args: -javaagent:C:\Program Files\JetBrains\IntelliJ IDEA Community Edition 2024.1.2\lib\idea_rt.jar=55953:C:\Program Files\JetBrains\IntelliJ IDEA Community Edition 2024.1.2\bin -Dfile.encoding=UTF-8 -Dsun.stdout.encoding=UTF-8 -Dsun.stderr.encoding=UTF-8 
java_command: Strings.manipulation.A2B3C4
java_class_path (initial): C:\Users\patel\OneDrive\Documents\Desktop\SDET\All the java programs for interview\out\production\All the java programs for interview
Launcher Type: SUN_STANDARD

[Global flags]
     intx CICompilerCount                          = 12                                        {product} {ergonomic}
     uint ConcGCThreads                            = 3                                         {product} {ergonomic}
     uint G1ConcRefinementThreads                  = 13                                        {product} {ergonomic}
   size_t G1HeapRegionSize                         = 2097152                                   {product} {ergonomic}
    uintx GCDrainStackTargetSize                   = 64                                        {product} {ergonomic}
   size_t InitialHeapSize                          = 264241152                                 {product} {ergonomic}
   size_t MarkStackSize                            = 4194304                                   {product} {ergonomic}
   size_t MaxHeapSize                              = 4196401152                                {product} {ergonomic}
   size_t MinHeapDeltaBytes                        = 2097152                                   {product} {ergonomic}
   size_t MinHeapSize                              = 8388608                                   {product} {ergonomic}
    uintx NonNMethodCodeHeapSize                   = 7602480                                {pd product} {ergonomic}
    uintx NonProfiledCodeHeapSize                  = 122027880                              {pd product} {ergonomic}
    uintx ProfiledCodeHeapSize                     = 122027880                              {pd product} {ergonomic}
    uintx ReservedCodeCacheSize                    = 251658240                              {pd product} {ergonomic}
     bool SegmentedCodeCache                       = true                                      {product} {ergonomic}
   size_t SoftMaxHeapSize                          = 4196401152                             {manageable} {ergonomic}
     bool UseCompressedOops                        = true                           {product lp64_product} {ergonomic}
     bool UseG1GC                                  = true                                      {product} {ergonomic}
     bool UseLargePagesIndividualAllocation        = false                                  {pd product} {ergonomic}

Logging:
Log output configuration:
 #0: stdout all=warning uptime,level,tags foldmultilines=false
 #1: stderr all=off uptime,level,tags foldmultilines=false

Environment Variables:
JAVA_HOME=C:\Program Files\Java\jdk-21
PATH=C:\Program Files\Java\jdk-21\bin;C:\Program Files (x86)\dotnet\;C:\Windows\System32;C:\Users\patel\AppData\Local\Android\Sdk\platform-tools;C:\Users\patel\AppData\Local\Android\Sdk\platforms;C:\Users\patel\AppData\Local\Android\Sdk\build-tools;C:\Program Files\Git\cmd;C:\Program Files\Git\mingw64\bin;C:\Program Files\Git\usr\bin;C:\Program Files (x86)\Microsoft SQL Server\160\DTS\Binn\;C:\Program Files\Azure Data Studio\bin;C:\Program Files\nodejs\;C:\Windows\System32\WindowsPowerShell\v1.0;C:\Windows\System32\WindowsPowerShell;C:\Users\patel\AppData\Local\Programs\Python\Launcher\;C:\Users\patel\AppData\Local\Microsoft\WindowsApps;C:\Users\patel\.dotnet\tools;C:\Program Files\Azure Data Studio\bin;C:\Program Files\nodejs;C:\Program Files\Git\bin;C:\Users\patel\AppData\Local\Programs\Microsoft VS Code\bin;C:\Program Files\JetBrains\IntelliJ IDEA Community Edition 2024.1.2\bin;;C:\Windows\System32;C:\Users\patel\OneDrive\Documents\Desktop\SDET\apache-maven-3.9.7-bin\apache-maven-3.9.7;C:\Users\patel\OneDrive\Documents\Desktop\SDET\apache-maven-3.9.7-bin\apache-maven-3.9.7\bin;C:\Program Files\Java\jdk-21\bin;C:\Users\patel\AppData\Local\Android\Sdk\platform-tools;C:\Users\patel\AppData\Local\Android\Sdk\platforms;C:\Users\patel\AppData\Local\Android\Sdk\build-tools;;C:\Program Files\JetBrains\PyCharm Community Edition 2024.2.3\bin;;C:\Program Files\Azure Data Studio\bin;C:\Users\patel\AppData\Roaming\npm
USERNAME=patel
OS=Windows_NT
PROCESSOR_IDENTIFIER=Intel64 Family 6 Model 154 Stepping 3, GenuineIntel
TMP=C:\Users\patel\AppData\Local\Temp
TEMP=C:\Users\patel\AppData\Local\Temp




Periodic native trim disabled

---------------  S Y S T E M  ---------------

OS:
 Windows 11 , 64 bit Build 22621 (10.0.22621.5415)
OS uptime: 0 days 1:38 hours

CPU: total 16 (initial active 16) (8 cores per cpu, 2 threads per core) family 6 model 154 stepping 3 microcode 0x41b, cx8, cmov, fxsr, ht, mmx, 3dnowpref, sse, sse2, sse3, ssse3, sse4.1, sse4.2, popcnt, lzcnt, tsc, tscinvbit, avx, avx2, aes, erms, clmul, bmi1, bmi2, adx, sha, fma, vzeroupper, clflush, clflushopt, clwb, serialize, rdtscp, rdpid, fsrm, f16c, pku, cet_ibt, cet_ss
Processor Information for processor 0
  Max Mhz: 2500, Current Mhz: 2500, Mhz Limit: 2500
Processor Information for processor 1
  Max Mhz: 2500, Current Mhz: 2500, Mhz Limit: 2500
Processor Information for processor 2
  Max Mhz: 2500, Current Mhz: 2500, Mhz Limit: 2500
Processor Information for processor 3
  Max Mhz: 2500, Current Mhz: 2500, Mhz Limit: 2500
Processor Information for processor 4
  Max Mhz: 2500, Current Mhz: 2500, Mhz Limit: 2500
Processor Information for processor 5
  Max Mhz: 2500, Current Mhz: 2500, Mhz Limit: 2500
Processor Information for processor 6
  Max Mhz: 2500, Current Mhz: 2500, Mhz Limit: 2500
Processor Information for processor 7
  Max Mhz: 2500, Current Mhz: 2500, Mhz Limit: 2500
Processor Information for processor 8
  Max Mhz: 2500, Current Mhz: 1800, Mhz Limit: 1800
Processor Information for processor 9
  Max Mhz: 2500, Current Mhz: 1800, Mhz Limit: 1800
Processor Information for processor 10
  Max Mhz: 2500, Current Mhz: 1500, Mhz Limit: 1800
Processor Information for processor 11
  Max Mhz: 2500, Current Mhz: 1800, Mhz Limit: 1800
Processor Information for processor 12
  Max Mhz: 2500, Current Mhz: 1800, Mhz Limit: 1800
Processor Information for processor 13
  Max Mhz: 2500, Current Mhz: 1800, Mhz Limit: 1800
Processor Information for processor 14
  Max Mhz: 2500, Current Mhz: 1800, Mhz Limit: 1800
Processor Information for processor 15
  Max Mhz: 2500, Current Mhz: 1800, Mhz Limit: 1800

Memory: 4k page, system-wide physical 16007M (3224M free)
TotalPageFile size 16007M (AvailPageFile size 108M)
current process WorkingSet (physical memory assigned to process): 12M, peak: 12M
current process commit charge ("private bytes"): 71M, peak: 323M

vm_info: Java HotSpot(TM) 64-Bit Server VM (21.0.2+13-LTS-58) for windows-amd64 JRE (21.0.2+13-LTS-58), built on 2024-01-05T18:32:24Z by "mach5one" with MS VC++ 17.1 (VS2022)

END.
